18:01:07.867057 exec-cmd.c:266          trace: resolved executable dir: C:/Program Files/Git/mingw64/bin
18:01:07.873066 git.c:502               trace: built-in: git push origin main
18:01:07.873566 run-command.c:674       trace: run_command: GIT_DIR=.git git remote-https origin https://github.com/uscapitalfundingii-a11y/uscapitalprivatebank-site.git
18:01:07.873566 run-command.c:935       trace: start_command: git remote-https origin https://github.com/uscapitalfundingii-a11y/uscapitalprivatebank-site.git
18:01:07.883566 exec-cmd.c:266          trace: resolved executable dir: C:/Program Files/Git/mingw64/libexec/git-core
18:01:07.886566 git.c:809               trace: exec: git-remote-https origin https://github.com/uscapitalfundingii-a11y/uscapitalprivatebank-site.git
18:01:07.887066 run-command.c:674       trace: run_command: git-remote-https origin https://github.com/uscapitalfundingii-a11y/uscapitalprivatebank-site.git
18:01:07.887066 run-command.c:935       trace: start_command: git-remote-https origin https://github.com/uscapitalfundingii-a11y/uscapitalprivatebank-site.git
18:01:07.903072 exec-cmd.c:266          trace: resolved executable dir: C:/Program Files/Git/mingw64/libexec/git-core
18:01:07.911071 http.c:930              == Info: Could not find host github.com in the .netrc file; using defaults
18:01:07.920571 http.c:930              == Info: Host github.com:443 was resolved.
18:01:07.920571 http.c:930              == Info: IPv6: (none)
18:01:07.920571 http.c:930              == Info: IPv4: 20.233.83.145
18:01:07.920571 http.c:930              == Info:   Trying 20.233.83.145:443...
18:01:07.932070 http.c:930              == Info: schannel: disabled automatic use of client certificate
18:01:07.933571 http.c:930              == Info: ALPN: curl offers http/1.1
18:01:07.977078 http.c:930              == Info: ALPN: server accepted http/1.1
18:01:07.977078 http.c:930              == Info: Established connection to github.com (20.233.83.145 port 443) from 192.168.1.230 port 65400 
18:01:07.977078 http.c:930              == Info: using HTTP/1.x
18:01:07.977579 http.c:877              => Send header, 0000000231 bytes (0x000000e7)
18:01:07.977579 http.c:889              => Send header: GET /uscapitalfundingii-a11y/uscapitalprivatebank-site.git/info/refs?service=git-receive-pack HTTP/1.1
18:01:07.977579 http.c:889              => Send header: Host: github.com
18:01:07.977579 http.c:889              => Send header: User-Agent: git/2.53.0.windows.2
18:01:07.977579 http.c:889              => Send header: Accept: */*
18:01:07.977579 http.c:889              => Send header: Accept-Encoding: deflate, gzip, br, zstd
18:01:07.977579 http.c:889              => Send header: Pragma: no-cache
18:01:07.977579 http.c:889              => Send header:
18:01:07.977579 http.c:930              == Info: Request completely sent off
18:01:07.991577 http.c:930              == Info: schannel: remote party requests renegotiation
18:01:07.991577 http.c:930              == Info: schannel: renegotiating SSL/TLS connection
18:01:07.991577 http.c:930              == Info: schannel: SSL/TLS connection renegotiated
18:01:07.992076 http.c:930              == Info: schannel: remote party requests renegotiation
18:01:07.992076 http.c:930              == Info: schannel: renegotiating SSL/TLS connection
18:01:07.992076 http.c:930              == Info: schannel: SSL/TLS connection renegotiated
18:01:08.194594 http.c:877              <= Recv header, 0000000027 bytes (0x0000001b)
18:01:08.194594 http.c:889              <= Recv header: HTTP/1.1 401 Unauthorized
18:01:08.194594 http.c:877              <= Recv header, 0000000026 bytes (0x0000001a)
18:01:08.194594 http.c:889              <= Recv header: Server: GitHub-Babel/3.0
18:01:08.194594 http.c:877              <= Recv header, 0000000054 bytes (0x00000036)
18:01:08.194594 http.c:889              <= Recv header: Content-Security-Policy: default-src 'none'; sandbox
18:01:08.194594 http.c:877              <= Recv header, 0000000041 bytes (0x00000029)
18:01:08.194594 http.c:889              <= Recv header: Content-Type: text/plain; charset=UTF-8
18:01:08.194594 http.c:877              <= Recv header, 0000000040 bytes (0x00000028)
18:01:08.194594 http.c:889              <= Recv header: www-authenticate: Basic realm="GitHub"
18:01:08.194594 http.c:877              <= Recv header, 0000000020 bytes (0x00000014)
18:01:08.194594 http.c:889              <= Recv header: Content-Length: 26
18:01:08.194594 http.c:877              <= Recv header, 0000000037 bytes (0x00000025)
18:01:08.194594 http.c:889              <= Recv header: Date: Wed, 08 Apr 2026 14:01:08 GMT
18:01:08.194594 http.c:877              <= Recv header, 0000000023 bytes (0x00000017)
18:01:08.194594 http.c:889              <= Recv header: X-Frame-Options: DENY
18:01:08.194594 http.c:877              <= Recv header, 0000000073 bytes (0x00000049)
18:01:08.194594 http.c:889              <= Recv header: Strict-Transport-Security: max-age=31536000; includeSubDomains; preload
18:01:08.194594 http.c:877              <= Recv header, 0000000057 bytes (0x00000039)
18:01:08.194594 http.c:889              <= Recv header: X-GitHub-Request-Id: FF78:3AB7CC:1CC229:2644AA:69D65FA4
18:01:08.194594 http.c:877              <= Recv header, 0000000002 bytes (0x00000002)
18:01:08.194594 http.c:889              <= Recv header:
18:01:08.194594 http.c:930              == Info: Connection #0 to host github.com:443 left intact
18:01:08.195095 run-command.c:674       trace: run_command: 'git credential-manager get'
18:01:08.195095 run-command.c:935       trace: start_command: 'C:/Program Files/Git/usr/bin/sh.exe' -c 'git credential-manager get' 'git credential-manager get'
18:01:08.248141 exec-cmd.c:266          trace: resolved executable dir: C:/Program Files/Git/mingw64/libexec/git-core
18:01:08.250641 git.c:809               trace: exec: git-credential-manager get
18:01:08.250641 run-command.c:674       trace: run_command: git-credential-manager get
18:01:08.250641 run-command.c:935       trace: start_command: git-credential-manager get
18:01:08.313683 exec-cmd.c:266          trace: resolved executable dir: C:/Program Files/Git/mingw64/libexec/git-core
18:01:08.316182 git.c:502               trace: built-in: git config --null --list
18:01:08.444255 exec-cmd.c:266          trace: resolved executable dir: C:/Program Files/Git/mingw64/libexec/git-core
18:01:08.445755 git.c:502               trace: built-in: git version
18:01:08.459268 exec-cmd.c:266          trace: resolved executable dir: C:/Program Files/Git/mingw64/libexec/git-core
18:01:08.461268 git.c:502               trace: built-in: git config --null --type=path credential.https://github.com.gitHubHelper
18:01:08.473779 exec-cmd.c:266          trace: resolved executable dir: C:/Program Files/Git/mingw64/libexec/git-core
18:01:08.475779 git.c:502               trace: built-in: git config --null --type=path credential.github.com.gitHubHelper
18:01:08.486784 exec-cmd.c:266          trace: resolved executable dir: C:/Program Files/Git/mingw64/libexec/git-core
18:01:08.489789 git.c:502               trace: built-in: git config --null --type=path credential.gitHubHelper
