[2026-04-05 05:25:19] local.ERROR: The provided cwd "G:\GithubRepos\uscapitalprivatebank-site\core\public" does not exist. {"exception":"[object] (Symfony\\Component\\Process\\Exception\\RuntimeException(code: 0): The provided cwd \"G:\\GithubRepos\\uscapitalprivatebank-site\\core\\public\" does not exist. at G:\\GithubRepos\\uscapitalprivatebank-site\\core\\vendor\\symfony\\process\\Process.php:341)
[stacktrace]
#0 G:\\GithubRepos\\uscapitalprivatebank-site\\core\\vendor\\laravel\\framework\\src\\Illuminate\\Foundation\\Console\\ServeCommand.php(190): Symfony\\Component\\Process\\Process->start(Object(Closure))
#1 G:\\GithubRepos\\uscapitalprivatebank-site\\core\\vendor\\laravel\\framework\\src\\Illuminate\\Foundation\\Console\\ServeCommand.php(129): Illuminate\\Foundation\\Console\\ServeCommand->startProcess(true)
#2 G:\\GithubRepos\\uscapitalprivatebank-site\\core\\vendor\\laravel\\framework\\src\\Illuminate\\Container\\BoundMethod.php(36): Illuminate\\Foundation\\Console\\ServeCommand->handle()
#3 G:\\GithubRepos\\uscapitalprivatebank-site\\core\\vendor\\laravel\\framework\\src\\Illuminate\\Container\\Util.php(43): Illuminate\\Container\\BoundMethod::Illuminate\\Container\\{closure}()
#4 G:\\GithubRepos\\uscapitalprivatebank-site\\core\\vendor\\laravel\\framework\\src\\Illuminate\\Container\\BoundMethod.php(95): Illuminate\\Container\\Util::unwrapIfClosure(Object(Closure))
#5 G:\\GithubRepos\\uscapitalprivatebank-site\\core\\vendor\\laravel\\framework\\src\\Illuminate\\Container\\BoundMethod.php(35): Illuminate\\Container\\BoundMethod::callBoundMethod(Object(Illuminate\\Foundation\\Application), Array, Object(Closure))
#6 G:\\GithubRepos\\uscapitalprivatebank-site\\core\\vendor\\laravel\\framework\\src\\Illuminate\\Container\\Container.php(696): Illuminate\\Container\\BoundMethod::call(Object(Illuminate\\Foundation\\Application), Array, Array, NULL)
#7 G:\\GithubRepos\\uscapitalprivatebank-site\\core\\vendor\\laravel\\framework\\src\\Illuminate\\Console\\Command.php(213): Illuminate\\Container\\Container->call(Array)
#8 G:\\GithubRepos\\uscapitalprivatebank-site\\core\\vendor\\symfony\\console\\Command\\Command.php(279): Illuminate\\Console\\Command->execute(Object(Symfony\\Component\\Console\\Input\\ArgvInput), Object(Illuminate\\Console\\OutputStyle))
#9 G:\\GithubRepos\\uscapitalprivatebank-site\\core\\vendor\\laravel\\framework\\src\\Illuminate\\Console\\Command.php(182): Symfony\\Component\\Console\\Command\\Command->run(Object(Symfony\\Component\\Console\\Input\\ArgvInput), Object(Illuminate\\Console\\OutputStyle))
#10 G:\\GithubRepos\\uscapitalprivatebank-site\\core\\vendor\\symfony\\console\\Application.php(1094): Illuminate\\Console\\Command->run(Object(Symfony\\Component\\Console\\Input\\ArgvInput), Object(Symfony\\Component\\Console\\Output\\ConsoleOutput))
#11 G:\\GithubRepos\\uscapitalprivatebank-site\\core\\vendor\\symfony\\console\\Application.php(342): Symfony\\Component\\Console\\Application->doRunCommand(Object(Illuminate\\Foundation\\Console\\ServeCommand), Object(Symfony\\Component\\Console\\Input\\ArgvInput), Object(Symfony\\Component\\Console\\Output\\ConsoleOutput))
#12 G:\\GithubRepos\\uscapitalprivatebank-site\\core\\vendor\\symfony\\console\\Application.php(193): Symfony\\Component\\Console\\Application->doRun(Object(Symfony\\Component\\Console\\Input\\ArgvInput), Object(Symfony\\Component\\Console\\Output\\ConsoleOutput))
#13 G:\\GithubRepos\\uscapitalprivatebank-site\\core\\vendor\\laravel\\framework\\src\\Illuminate\\Foundation\\Console\\Kernel.php(198): Symfony\\Component\\Console\\Application->run(Object(Symfony\\Component\\Console\\Input\\ArgvInput), Object(Symfony\\Component\\Console\\Output\\ConsoleOutput))
#14 G:\\GithubRepos\\uscapitalprivatebank-site\\core\\vendor\\laravel\\framework\\src\\Illuminate\\Foundation\\Application.php(1235): Illuminate\\Foundation\\Console\\Kernel->handle(Object(Symfony\\Component\\Console\\Input\\ArgvInput), Object(Symfony\\Component\\Console\\Output\\ConsoleOutput))
#15 G:\\GithubRepos\\uscapitalprivatebank-site\\core\\artisan(13): Illuminate\\Foundation\\Application->handleCommand(Object(Symfony\\Component\\Console\\Input\\ArgvInput))
#16 {main}
"} 
[2026-04-05 05:32:03] local.ERROR: SQLSTATE[HY000]: General error: 1 no such table: users (Connection: sqlite, SQL: select "id", "email", "firstname", "lastname", "account_number" from "users" where "users"."status" = 0 order by "id" asc limit 100) {"exception":"[object] (Illuminate\\Database\\QueryException(code: HY000): SQLSTATE[HY000]: General error: 1 no such table: users (Connection: sqlite, SQL: select \"id\", \"email\", \"firstname\", \"lastname\", \"account_number\" from \"users\" where \"users\".\"status\" = 0 order by \"id\" asc limit 100) at G:\\GithubRepos\\uscapitalprivatebank-site\\core\\vendor\\laravel\\framework\\src\\Illuminate\\Database\\Connection.php:825)
[stacktrace]
#0 G:\\GithubRepos\\uscapitalprivatebank-site\\core\\vendor\\laravel\\framework\\src\\Illuminate\\Database\\Connection.php(779): Illuminate\\Database\\Connection->runQueryCallback('select \"id\", \"e...', Array, Object(Closure))
#1 G:\\GithubRepos\\uscapitalprivatebank-site\\core\\vendor\\laravel\\framework\\src\\Illuminate\\Database\\Connection.php(398): Illuminate\\Database\\Connection->run('select \"id\", \"e...', Array, Object(Closure))
#2 G:\\GithubRepos\\uscapitalprivatebank-site\\core\\vendor\\laravel\\framework\\src\\Illuminate\\Database\\Query\\Builder.php(3106): Illuminate\\Database\\Connection->select('select \"id\", \"e...', Array, true)
#3 G:\\GithubRepos\\uscapitalprivatebank-site\\core\\vendor\\laravel\\framework\\src\\Illuminate\\Database\\Query\\Builder.php(3091): Illuminate\\Database\\Query\\Builder->runSelect()
#4 G:\\GithubRepos\\uscapitalprivatebank-site\\core\\vendor\\laravel\\framework\\src\\Illuminate\\Database\\Query\\Builder.php(3676): Illuminate\\Database\\Query\\Builder->Illuminate\\Database\\Query\\{closure}()
#5 G:\\GithubRepos\\uscapitalprivatebank-site\\core\\vendor\\laravel\\framework\\src\\Illuminate\\Database\\Query\\Builder.php(3090): Illuminate\\Database\\Query\\Builder->onceWithColumns(Array, Object(Closure))
#6 G:\\GithubRepos\\uscapitalprivatebank-site\\core\\vendor\\laravel\\framework\\src\\Illuminate\\Database\\Eloquent\\Builder.php(811): Illuminate\\Database\\Query\\Builder->get(Array)
#7 G:\\GithubRepos\\uscapitalprivatebank-site\\core\\vendor\\laravel\\framework\\src\\Illuminate\\Database\\Eloquent\\Builder.php(793): Illuminate\\Database\\Eloquent\\Builder->getModels(Array)
#8 G:\\GithubRepos\\uscapitalprivatebank-site\\core\\vendor\\laravel\\framework\\src\\Illuminate\\Database\\Concerns\\BuildsQueries.php(172): Illuminate\\Database\\Eloquent\\Builder->get()
#9 G:\\GithubRepos\\uscapitalprivatebank-site\\core\\vendor\\laravel\\framework\\src\\Illuminate\\Database\\Concerns\\BuildsQueries.php(124): Illuminate\\Database\\Eloquent\\Builder->orderedChunkById(100, Object(Closure), 'id', 'id')
#10 G:\\GithubRepos\\uscapitalprivatebank-site\\core\\app\\Console\\Commands\\PurgeInvalidBannedUsers.php(21): Illuminate\\Database\\Eloquent\\Builder->chunkById(100, Object(Closure))
#11 G:\\GithubRepos\\uscapitalprivatebank-site\\core\\vendor\\laravel\\framework\\src\\Illuminate\\Container\\BoundMethod.php(36): App\\Console\\Commands\\PurgeInvalidBannedUsers->handle()
#12 G:\\GithubRepos\\uscapitalprivatebank-site\\core\\vendor\\laravel\\framework\\src\\Illuminate\\Container\\Util.php(43): Illuminate\\Container\\BoundMethod::Illuminate\\Container\\{closure}()
#13 G:\\GithubRepos\\uscapitalprivatebank-site\\core\\vendor\\laravel\\framework\\src\\Illuminate\\Container\\BoundMethod.php(95): Illuminate\\Container\\Util::unwrapIfClosure(Object(Closure))
#14 G:\\GithubRepos\\uscapitalprivatebank-site\\core\\vendor\\laravel\\framework\\src\\Illuminate\\Container\\BoundMethod.php(35): Illuminate\\Container\\BoundMethod::callBoundMethod(Object(Illuminate\\Foundation\\Application), Array, Object(Closure))
#15 G:\\GithubRepos\\uscapitalprivatebank-site\\core\\vendor\\laravel\\framework\\src\\Illuminate\\Container\\Container.php(696): Illuminate\\Container\\BoundMethod::call(Object(Illuminate\\Foundation\\Application), Array, Array, NULL)
#16 G:\\GithubRepos\\uscapitalprivatebank-site\\core\\vendor\\laravel\\framework\\src\\Illuminate\\Console\\Command.php(213): Illuminate\\Container\\Container->call(Array)
#17 G:\\GithubRepos\\uscapitalprivatebank-site\\core\\vendor\\symfony\\console\\Command\\Command.php(279): Illuminate\\Console\\Command->execute(Object(Symfony\\Component\\Console\\Input\\ArgvInput), Object(Illuminate\\Console\\OutputStyle))
#18 G:\\GithubRepos\\uscapitalprivatebank-site\\core\\vendor\\laravel\\framework\\src\\Illuminate\\Console\\Command.php(182): Symfony\\Component\\Console\\Command\\Command->run(Object(Symfony\\Component\\Console\\Input\\ArgvInput), Object(Illuminate\\Console\\OutputStyle))
#19 G:\\GithubRepos\\uscapitalprivatebank-site\\core\\vendor\\symfony\\console\\Application.php(1094): Illuminate\\Console\\Command->run(Object(Symfony\\Component\\Console\\Input\\ArgvInput), Object(Symfony\\Component\\Console\\Output\\ConsoleOutput))
#20 G:\\GithubRepos\\uscapitalprivatebank-site\\core\\vendor\\symfony\\console\\Application.php(342): Symfony\\Component\\Console\\Application->doRunCommand(Object(App\\Console\\Commands\\PurgeInvalidBannedUsers), Object(Symfony\\Component\\Console\\Input\\ArgvInput), Object(Symfony\\Component\\Console\\Output\\ConsoleOutput))
#21 G:\\GithubRepos\\uscapitalprivatebank-site\\core\\vendor\\symfony\\console\\Application.php(193): Symfony\\Component\\Console\\Application->doRun(Object(Symfony\\Component\\Console\\Input\\ArgvInput), Object(Symfony\\Component\\Console\\Output\\ConsoleOutput))
#22 G:\\GithubRepos\\uscapitalprivatebank-site\\core\\vendor\\laravel\\framework\\src\\Illuminate\\Foundation\\Console\\Kernel.php(198): Symfony\\Component\\Console\\Application->run(Object(Symfony\\Component\\Console\\Input\\ArgvInput), Object(Symfony\\Component\\Console\\Output\\ConsoleOutput))
#23 G:\\GithubRepos\\uscapitalprivatebank-site\\core\\vendor\\laravel\\framework\\src\\Illuminate\\Foundation\\Application.php(1235): Illuminate\\Foundation\\Console\\Kernel->handle(Object(Symfony\\Component\\Console\\Input\\ArgvInput), Object(Symfony\\Component\\Console\\Output\\ConsoleOutput))
#24 G:\\GithubRepos\\uscapitalprivatebank-site\\core\\artisan(13): Illuminate\\Foundation\\Application->handleCommand(Object(Symfony\\Component\\Console\\Input\\ArgvInput))
#25 {main}

[previous exception] [object] (PDOException(code: HY000): SQLSTATE[HY000]: General error: 1 no such table: users at G:\\GithubRepos\\uscapitalprivatebank-site\\core\\vendor\\laravel\\framework\\src\\Illuminate\\Database\\Connection.php:407)
[stacktrace]
#0 G:\\GithubRepos\\uscapitalprivatebank-site\\core\\vendor\\laravel\\framework\\src\\Illuminate\\Database\\Connection.php(407): PDO->prepare('select \"id\", \"e...')
#1 G:\\GithubRepos\\uscapitalprivatebank-site\\core\\vendor\\laravel\\framework\\src\\Illuminate\\Database\\Connection.php(812): Illuminate\\Database\\Connection->Illuminate\\Database\\{closure}('select \"id\", \"e...', Array)
#2 G:\\GithubRepos\\uscapitalprivatebank-site\\core\\vendor\\laravel\\framework\\src\\Illuminate\\Database\\Connection.php(779): Illuminate\\Database\\Connection->runQueryCallback('select \"id\", \"e...', Array, Object(Closure))
#3 G:\\GithubRepos\\uscapitalprivatebank-site\\core\\vendor\\laravel\\framework\\src\\Illuminate\\Database\\Connection.php(398): Illuminate\\Database\\Connection->run('select \"id\", \"e...', Array, Object(Closure))
#4 G:\\GithubRepos\\uscapitalprivatebank-site\\core\\vendor\\laravel\\framework\\src\\Illuminate\\Database\\Query\\Builder.php(3106): Illuminate\\Database\\Connection->select('select \"id\", \"e...', Array, true)
#5 G:\\GithubRepos\\uscapitalprivatebank-site\\core\\vendor\\laravel\\framework\\src\\Illuminate\\Database\\Query\\Builder.php(3091): Illuminate\\Database\\Query\\Builder->runSelect()
#6 G:\\GithubRepos\\uscapitalprivatebank-site\\core\\vendor\\laravel\\framework\\src\\Illuminate\\Database\\Query\\Builder.php(3676): Illuminate\\Database\\Query\\Builder->Illuminate\\Database\\Query\\{closure}()
#7 G:\\GithubRepos\\uscapitalprivatebank-site\\core\\vendor\\laravel\\framework\\src\\Illuminate\\Database\\Query\\Builder.php(3090): Illuminate\\Database\\Query\\Builder->onceWithColumns(Array, Object(Closure))
#8 G:\\GithubRepos\\uscapitalprivatebank-site\\core\\vendor\\laravel\\framework\\src\\Illuminate\\Database\\Eloquent\\Builder.php(811): Illuminate\\Database\\Query\\Builder->get(Array)
#9 G:\\GithubRepos\\uscapitalprivatebank-site\\core\\vendor\\laravel\\framework\\src\\Illuminate\\Database\\Eloquent\\Builder.php(793): Illuminate\\Database\\Eloquent\\Builder->getModels(Array)
#10 G:\\GithubRepos\\uscapitalprivatebank-site\\core\\vendor\\laravel\\framework\\src\\Illuminate\\Database\\Concerns\\BuildsQueries.php(172): Illuminate\\Database\\Eloquent\\Builder->get()
#11 G:\\GithubRepos\\uscapitalprivatebank-site\\core\\vendor\\laravel\\framework\\src\\Illuminate\\Database\\Concerns\\BuildsQueries.php(124): Illuminate\\Database\\Eloquent\\Builder->orderedChunkById(100, Object(Closure), 'id', 'id')
#12 G:\\GithubRepos\\uscapitalprivatebank-site\\core\\app\\Console\\Commands\\PurgeInvalidBannedUsers.php(21): Illuminate\\Database\\Eloquent\\Builder->chunkById(100, Object(Closure))
#13 G:\\GithubRepos\\uscapitalprivatebank-site\\core\\vendor\\laravel\\framework\\src\\Illuminate\\Container\\BoundMethod.php(36): App\\Console\\Commands\\PurgeInvalidBannedUsers->handle()
#14 G:\\GithubRepos\\uscapitalprivatebank-site\\core\\vendor\\laravel\\framework\\src\\Illuminate\\Container\\Util.php(43): Illuminate\\Container\\BoundMethod::Illuminate\\Container\\{closure}()
#15 G:\\GithubRepos\\uscapitalprivatebank-site\\core\\vendor\\laravel\\framework\\src\\Illuminate\\Container\\BoundMethod.php(95): Illuminate\\Container\\Util::unwrapIfClosure(Object(Closure))
#16 G:\\GithubRepos\\uscapitalprivatebank-site\\core\\vendor\\laravel\\framework\\src\\Illuminate\\Container\\BoundMethod.php(35): Illuminate\\Container\\BoundMethod::callBoundMethod(Object(Illuminate\\Foundation\\Application), Array, Object(Closure))
#17 G:\\GithubRepos\\uscapitalprivatebank-site\\core\\vendor\\laravel\\framework\\src\\Illuminate\\Container\\Container.php(696): Illuminate\\Container\\BoundMethod::call(Object(Illuminate\\Foundation\\Application), Array, Array, NULL)
#18 G:\\GithubRepos\\uscapitalprivatebank-site\\core\\vendor\\laravel\\framework\\src\\Illuminate\\Console\\Command.php(213): Illuminate\\Container\\Container->call(Array)
#19 G:\\GithubRepos\\uscapitalprivatebank-site\\core\\vendor\\symfony\\console\\Command\\Command.php(279): Illuminate\\Console\\Command->execute(Object(Symfony\\Component\\Console\\Input\\ArgvInput), Object(Illuminate\\Console\\OutputStyle))
#20 G:\\GithubRepos\\uscapitalprivatebank-site\\core\\vendor\\laravel\\framework\\src\\Illuminate\\Console\\Command.php(182): Symfony\\Component\\Console\\Command\\Command->run(Object(Symfony\\Component\\Console\\Input\\ArgvInput), Object(Illuminate\\Console\\OutputStyle))
#21 G:\\GithubRepos\\uscapitalprivatebank-site\\core\\vendor\\symfony\\console\\Application.php(1094): Illuminate\\Console\\Command->run(Object(Symfony\\Component\\Console\\Input\\ArgvInput), Object(Symfony\\Component\\Console\\Output\\ConsoleOutput))
#22 G:\\GithubRepos\\uscapitalprivatebank-site\\core\\vendor\\symfony\\console\\Application.php(342): Symfony\\Component\\Console\\Application->doRunCommand(Object(App\\Console\\Commands\\PurgeInvalidBannedUsers), Object(Symfony\\Component\\Console\\Input\\ArgvInput), Object(Symfony\\Component\\Console\\Output\\ConsoleOutput))
#23 G:\\GithubRepos\\uscapitalprivatebank-site\\core\\vendor\\symfony\\console\\Application.php(193): Symfony\\Component\\Console\\Application->doRun(Object(Symfony\\Component\\Console\\Input\\ArgvInput), Object(Symfony\\Component\\Console\\Output\\ConsoleOutput))
#24 G:\\GithubRepos\\uscapitalprivatebank-site\\core\\vendor\\laravel\\framework\\src\\Illuminate\\Foundation\\Console\\Kernel.php(198): Symfony\\Component\\Console\\Application->run(Object(Symfony\\Component\\Console\\Input\\ArgvInput), Object(Symfony\\Component\\Console\\Output\\ConsoleOutput))
#25 G:\\GithubRepos\\uscapitalprivatebank-site\\core\\vendor\\laravel\\framework\\src\\Illuminate\\Foundation\\Application.php(1235): Illuminate\\Foundation\\Console\\Kernel->handle(Object(Symfony\\Component\\Console\\Input\\ArgvInput), Object(Symfony\\Component\\Console\\Output\\ConsoleOutput))
#26 G:\\GithubRepos\\uscapitalprivatebank-site\\core\\artisan(13): Illuminate\\Foundation\\Application->handleCommand(Object(Symfony\\Component\\Console\\Input\\ArgvInput))
#27 {main}
"} 
[2026-04-05 05:39:54] local.ERROR: PHP Parse error: Syntax error, unexpected T_NS_SEPARATOR, expecting ';' on line 1 {"exception":"[object] (Psy\\Exception\\ParseErrorException(code: 0): PHP Parse error: Syntax error, unexpected T_NS_SEPARATOR, expecting ';' on line 1 at G:\\GithubRepos\\uscapitalprivatebank-site\\core\\vendor\\psy\\psysh\\src\\Exception\\ParseErrorException.php:44)
[stacktrace]
#0 G:\\GithubRepos\\uscapitalprivatebank-site\\core\\vendor\\psy\\psysh\\src\\CodeCleaner.php(306): Psy\\Exception\\ParseErrorException::fromParseError(Object(PhpParser\\Error))
#1 G:\\GithubRepos\\uscapitalprivatebank-site\\core\\vendor\\psy\\psysh\\src\\CodeCleaner.php(240): Psy\\CodeCleaner->parse('<?php echo App\\\\...', false)
#2 G:\\GithubRepos\\uscapitalprivatebank-site\\core\\vendor\\psy\\psysh\\src\\Shell.php(852): Psy\\CodeCleaner->clean(Array, false)
#3 G:\\GithubRepos\\uscapitalprivatebank-site\\core\\vendor\\psy\\psysh\\src\\Shell.php(881): Psy\\Shell->addCode('echo App\\\\\\\\Model...', true)
#4 G:\\GithubRepos\\uscapitalprivatebank-site\\core\\vendor\\psy\\psysh\\src\\Shell.php(1390): Psy\\Shell->setCode('echo App\\\\\\\\Model...', true)
#5 G:\\GithubRepos\\uscapitalprivatebank-site\\core\\vendor\\laravel\\tinker\\src\\Console\\TinkerCommand.php(76): Psy\\Shell->execute('echo App\\\\\\\\Model...')
#6 G:\\GithubRepos\\uscapitalprivatebank-site\\core\\vendor\\laravel\\framework\\src\\Illuminate\\Container\\BoundMethod.php(36): Laravel\\Tinker\\Console\\TinkerCommand->handle()
#7 G:\\GithubRepos\\uscapitalprivatebank-site\\core\\vendor\\laravel\\framework\\src\\Illuminate\\Container\\Util.php(43): Illuminate\\Container\\BoundMethod::Illuminate\\Container\\{closure}()
#8 G:\\GithubRepos\\uscapitalprivatebank-site\\core\\vendor\\laravel\\framework\\src\\Illuminate\\Container\\BoundMethod.php(95): Illuminate\\Container\\Util::unwrapIfClosure(Object(Closure))
#9 G:\\GithubRepos\\uscapitalprivatebank-site\\core\\vendor\\laravel\\framework\\src\\Illuminate\\Container\\BoundMethod.php(35): Illuminate\\Container\\BoundMethod::callBoundMethod(Object(Illuminate\\Foundation\\Application), Array, Object(Closure))
#10 G:\\GithubRepos\\uscapitalprivatebank-site\\core\\vendor\\laravel\\framework\\src\\Illuminate\\Container\\Container.php(696): Illuminate\\Container\\BoundMethod::call(Object(Illuminate\\Foundation\\Application), Array, Array, NULL)
#11 G:\\GithubRepos\\uscapitalprivatebank-site\\core\\vendor\\laravel\\framework\\src\\Illuminate\\Console\\Command.php(213): Illuminate\\Container\\Container->call(Array)
#12 G:\\GithubRepos\\uscapitalprivatebank-site\\core\\vendor\\symfony\\console\\Command\\Command.php(279): Illuminate\\Console\\Command->execute(Object(Symfony\\Component\\Console\\Input\\ArgvInput), Object(Illuminate\\Console\\OutputStyle))
#13 G:\\GithubRepos\\uscapitalprivatebank-site\\core\\vendor\\laravel\\framework\\src\\Illuminate\\Console\\Command.php(182): Symfony\\Component\\Console\\Command\\Command->run(Object(Symfony\\Component\\Console\\Input\\ArgvInput), Object(Illuminate\\Console\\OutputStyle))
#14 G:\\GithubRepos\\uscapitalprivatebank-site\\core\\vendor\\symfony\\console\\Application.php(1094): Illuminate\\Console\\Command->run(Object(Symfony\\Component\\Console\\Input\\ArgvInput), Object(Symfony\\Component\\Console\\Output\\ConsoleOutput))
#15 G:\\GithubRepos\\uscapitalprivatebank-site\\core\\vendor\\symfony\\console\\Application.php(342): Symfony\\Component\\Console\\Application->doRunCommand(Object(Laravel\\Tinker\\Console\\TinkerCommand), Object(Symfony\\Component\\Console\\Input\\ArgvInput), Object(Symfony\\Component\\Console\\Output\\ConsoleOutput))
#16 G:\\GithubRepos\\uscapitalprivatebank-site\\core\\vendor\\symfony\\console\\Application.php(193): Symfony\\Component\\Console\\Application->doRun(Object(Symfony\\Component\\Console\\Input\\ArgvInput), Object(Symfony\\Component\\Console\\Output\\ConsoleOutput))
#17 G:\\GithubRepos\\uscapitalprivatebank-site\\core\\vendor\\laravel\\framework\\src\\Illuminate\\Foundation\\Console\\Kernel.php(198): Symfony\\Component\\Console\\Application->run(Object(Symfony\\Component\\Console\\Input\\ArgvInput), Object(Symfony\\Component\\Console\\Output\\ConsoleOutput))
#18 G:\\GithubRepos\\uscapitalprivatebank-site\\core\\vendor\\laravel\\framework\\src\\Illuminate\\Foundation\\Application.php(1235): Illuminate\\Foundation\\Console\\Kernel->handle(Object(Symfony\\Component\\Console\\Input\\ArgvInput), Object(Symfony\\Component\\Console\\Output\\ConsoleOutput))
#19 G:\\GithubRepos\\uscapitalprivatebank-site\\core\\artisan(13): Illuminate\\Foundation\\Application->handleCommand(Object(Symfony\\Component\\Console\\Input\\ArgvInput))
#20 {main}
"} 
[2026-04-05 05:56:34] local.ERROR: PHP Parse error: Syntax error, unexpected ',' on line 1 {"exception":"[object] (Psy\\Exception\\ParseErrorException(code: 0): PHP Parse error: Syntax error, unexpected ',' on line 1 at G:\\GithubRepos\\uscapitalprivatebank-site\\core\\vendor\\psy\\psysh\\src\\Exception\\ParseErrorException.php:44)
[stacktrace]
#0 G:\\GithubRepos\\uscapitalprivatebank-site\\core\\vendor\\psy\\psysh\\src\\CodeCleaner.php(306): Psy\\Exception\\ParseErrorException::fromParseError(Object(PhpParser\\Error))
#1 G:\\GithubRepos\\uscapitalprivatebank-site\\core\\vendor\\psy\\psysh\\src\\CodeCleaner.php(240): Psy\\CodeCleaner->parse('<?php dump(DB::...', false)
#2 G:\\GithubRepos\\uscapitalprivatebank-site\\core\\vendor\\psy\\psysh\\src\\Shell.php(852): Psy\\CodeCleaner->clean(Array, false)
#3 G:\\GithubRepos\\uscapitalprivatebank-site\\core\\vendor\\psy\\psysh\\src\\Shell.php(881): Psy\\Shell->addCode('dump(DB::table(...', true)
#4 G:\\GithubRepos\\uscapitalprivatebank-site\\core\\vendor\\psy\\psysh\\src\\Shell.php(1390): Psy\\Shell->setCode('dump(DB::table(...', true)
#5 G:\\GithubRepos\\uscapitalprivatebank-site\\core\\vendor\\laravel\\tinker\\src\\Console\\TinkerCommand.php(76): Psy\\Shell->execute('dump(DB::table(...')
#6 G:\\GithubRepos\\uscapitalprivatebank-site\\core\\vendor\\laravel\\framework\\src\\Illuminate\\Container\\BoundMethod.php(36): Laravel\\Tinker\\Console\\TinkerCommand->handle()
#7 G:\\GithubRepos\\uscapitalprivatebank-site\\core\\vendor\\laravel\\framework\\src\\Illuminate\\Container\\Util.php(43): Illuminate\\Container\\BoundMethod::Illuminate\\Container\\{closure}()
#8 G:\\GithubRepos\\uscapitalprivatebank-site\\core\\vendor\\laravel\\framework\\src\\Illuminate\\Container\\BoundMethod.php(95): Illuminate\\Container\\Util::unwrapIfClosure(Object(Closure))
#9 G:\\GithubRepos\\uscapitalprivatebank-site\\core\\vendor\\laravel\\framework\\src\\Illuminate\\Container\\BoundMethod.php(35): Illuminate\\Container\\BoundMethod::callBoundMethod(Object(Illuminate\\Foundation\\Application), Array, Object(Closure))
#10 G:\\GithubRepos\\uscapitalprivatebank-site\\core\\vendor\\laravel\\framework\\src\\Illuminate\\Container\\Container.php(696): Illuminate\\Container\\BoundMethod::call(Object(Illuminate\\Foundation\\Application), Array, Array, NULL)
#11 G:\\GithubRepos\\uscapitalprivatebank-site\\core\\vendor\\laravel\\framework\\src\\Illuminate\\Console\\Command.php(213): Illuminate\\Container\\Container->call(Array)
#12 G:\\GithubRepos\\uscapitalprivatebank-site\\core\\vendor\\symfony\\console\\Command\\Command.php(279): Illuminate\\Console\\Command->execute(Object(Symfony\\Component\\Console\\Input\\ArgvInput), Object(Illuminate\\Console\\OutputStyle))
#13 G:\\GithubRepos\\uscapitalprivatebank-site\\core\\vendor\\laravel\\framework\\src\\Illuminate\\Console\\Command.php(182): Symfony\\Component\\Console\\Command\\Command->run(Object(Symfony\\Component\\Console\\Input\\ArgvInput), Object(Illuminate\\Console\\OutputStyle))
#14 G:\\GithubRepos\\uscapitalprivatebank-site\\core\\vendor\\symfony\\console\\Application.php(1094): Illuminate\\Console\\Command->run(Object(Symfony\\Component\\Console\\Input\\ArgvInput), Object(Symfony\\Component\\Console\\Output\\ConsoleOutput))
#15 G:\\GithubRepos\\uscapitalprivatebank-site\\core\\vendor\\symfony\\console\\Application.php(342): Symfony\\Component\\Console\\Application->doRunCommand(Object(Laravel\\Tinker\\Console\\TinkerCommand), Object(Symfony\\Component\\Console\\Input\\ArgvInput), Object(Symfony\\Component\\Console\\Output\\ConsoleOutput))
#16 G:\\GithubRepos\\uscapitalprivatebank-site\\core\\vendor\\symfony\\console\\Application.php(193): Symfony\\Component\\Console\\Application->doRun(Object(Symfony\\Component\\Console\\Input\\ArgvInput), Object(Symfony\\Component\\Console\\Output\\ConsoleOutput))
#17 G:\\GithubRepos\\uscapitalprivatebank-site\\core\\vendor\\laravel\\framework\\src\\Illuminate\\Foundation\\Console\\Kernel.php(198): Symfony\\Component\\Console\\Application->run(Object(Symfony\\Component\\Console\\Input\\ArgvInput), Object(Symfony\\Component\\Console\\Output\\ConsoleOutput))
#18 G:\\GithubRepos\\uscapitalprivatebank-site\\core\\vendor\\laravel\\framework\\src\\Illuminate\\Foundation\\Application.php(1235): Illuminate\\Foundation\\Console\\Kernel->handle(Object(Symfony\\Component\\Console\\Input\\ArgvInput), Object(Symfony\\Component\\Console\\Output\\ConsoleOutput))
#19 G:\\GithubRepos\\uscapitalprivatebank-site\\core\\artisan(13): Illuminate\\Foundation\\Application->handleCommand(Object(Symfony\\Component\\Console\\Input\\ArgvInput))
#20 {main}
"} 
